// Jest Snapshot v1, https://goo.gl/fbAQLP

exports[`Button renders correctly 1`] = `
<button
  className="ant-btn"
  onClick={[Function]}
  type="button"
>
  <span>
    I am button
  </span>
</button>
`;
